// Jest Snapshot v1, https://goo.gl/fbAQLP

exports[`Loader should match the snapshot 1`] = `
<section
  className="loader pulsate-fwd fade-in"
>
  <img
    alt="An eye with the words 'Still Looking'"
    className="loader-img"
    src="stillLooking.png"
  />
</section>
`;
