// Jest Snapshot v1, https://goo.gl/fbAQLP

exports[`Deck Deck container/component should match the snapshot 1`] = `
<section
  className="deck"
>
  <h2
    className="deck-title"
  >
    The Tarot Deck
  </h2>
  <div
    className="btn-container"
  >
    <Link
      to="/home"
    >
      <button
        className="back-btn"
        onClick={[Function]}
      >
        Home
      </button>
    </Link>
  </div>
  <Card
    card={
      Object {
        "name": "The Sun",
        "value": 8,
      }
    }
    id="on-flip"
    key="NaN"
  />
  <Card
    card={
      Object {
        "name": "The Hermit",
        "value": 12,
      }
    }
    id="on-flip"
    key="NaN"
  />
</section>
`;
